2026-05-10 12:36:42 [[32minfo[39m] Running migration...
2026-05-10 12:47:03 [[31merror[39m] Seed failed {"err":{"length":93,"name":"error","severity":"ERROR","code":"42501","file":"aclchk.c","line":"2795","routine":"aclcheck_error"}}
2026-05-10 12:47:47 [[32minfo[39m] Seed done. Logins: admin@healthark.co.uk/Admin123!@# | manager@healthark.co.uk/Manager123!@# | staff@healthark.co.uk/CareStaff123!
2026-05-10 12:48:17 [[32minfo[39m] Database connected successfully
2026-05-10 12:48:17 [[32minfo[39m] Starting HealthArk scheduler
2026-05-10 12:48:17 [[32minfo[39m] Scheduler started — all jobs registered
2026-05-10 12:48:17 [[32minfo[39m] HealthArk API running on port 3001 [development]
2026-05-10 12:49:11 [[32minfo[39m] [0mGET /health [32m200[0m 97.131 ms - 89[0m
2026-05-10 12:49:12 [[32minfo[39m] [0mGET /favicon.ico [33m404[0m 0.871 ms - 56[0m
2026-05-10 12:50:59 [[32minfo[39m] [0mGET /health [32m200[0m 133.720 ms - 89[0m
2026-05-10 14:00:00 [[32minfo[39m] Scheduler: checking fluid intake
2026-05-10 14:00:00 [[32minfo[39m] Scheduler: checking care plan reviews
2026-05-10 14:16:07 [[32minfo[39m] Database connected successfully
2026-05-10 14:16:07 [[32minfo[39m] Starting HealthArk scheduler
2026-05-10 14:16:07 [[32minfo[39m] Scheduler started — all jobs registered
2026-05-10 14:16:07 [[32minfo[39m] HealthArk API running on port 3001 [development]
2026-05-10 14:16:43 [[32minfo[39m] [0mGET /health [32m200[0m 139.193 ms - 89[0m
2026-05-10 14:16:43 [[32minfo[39m] [0mGET /favicon.ico [33m404[0m 1.295 ms - 56[0m
2026-05-10 14:17:27 [[32minfo[39m] Staff logged in {"staffId":"82fe8f70-093f-4683-941e-2ae5440f3e39","role":"group_admin"}
2026-05-10 14:17:27 [[32minfo[39m] [0mPOST /api/auth/login [32m200[0m 820.967 ms - -[0m
2026-05-10 14:17:28 [[32minfo[39m] [0mGET /api/homes [33m401[0m 96.679 ms - 25[0m
2026-05-10 14:17:28 [[32minfo[39m] [0mGET /api/homes [33m401[0m 81.824 ms - 25[0m
2026-05-10 14:17:47 [[32minfo[39m] Staff logged in {"staffId":"82fe8f70-093f-4683-941e-2ae5440f3e39","role":"group_admin"}
2026-05-10 14:17:47 [[32minfo[39m] [0mPOST /api/auth/login [32m200[0m 524.317 ms - -[0m
2026-05-10 14:17:47 [[32minfo[39m] [0mGET /api/homes [33m401[0m 67.124 ms - 25[0m
2026-05-10 14:17:47 [[32minfo[39m] [0mGET /api/homes [33m401[0m 70.801 ms - 25[0m
2026-05-10 14:25:09 [[32minfo[39m] Staff logged in {"staffId":"82fe8f70-093f-4683-941e-2ae5440f3e39","role":"group_admin"}
2026-05-10 14:25:09 [[32minfo[39m] [0mPOST /api/auth/login [32m200[0m 884.312 ms - -[0m
2026-05-10 14:25:09 [[32minfo[39m] [0mGET /api/homes [33m401[0m 65.194 ms - 25[0m
2026-05-10 14:25:10 [[32minfo[39m] [0mGET /api/homes [33m401[0m 184.764 ms - 25[0m
2026-05-10 14:26:42 [[32minfo[39m] Staff logged in {"staffId":"82fe8f70-093f-4683-941e-2ae5440f3e39","role":"group_admin"}
2026-05-10 14:26:42 [[32minfo[39m] [0mPOST /api/auth/login [32m200[0m 1057.020 ms - -[0m
2026-05-10 14:26:43 [[32minfo[39m] [0mGET /api/homes [33m401[0m 123.607 ms - 25[0m
2026-05-10 14:26:43 [[32minfo[39m] [0mGET /api/homes [33m401[0m 106.388 ms - 25[0m
2026-05-10 16:39:01 [[32minfo[39m] Staff logged in {"staffId":"82fe8f70-093f-4683-941e-2ae5440f3e39","role":"group_admin"}
2026-05-10 16:39:01 [[32minfo[39m] [0mPOST /api/auth/login [32m200[0m 1145.846 ms - -[0m
2026-05-10 16:39:01 [[32minfo[39m] [0mGET /api/homes [33m401[0m 70.141 ms - 25[0m
2026-05-10 16:39:01 [[32minfo[39m] [0mGET /api/homes [33m401[0m 77.606 ms - 25[0m
2026-05-10 16:42:49 [[32minfo[39m] Staff logged in {"staffId":"82fe8f70-093f-4683-941e-2ae5440f3e39","role":"group_admin"}
2026-05-10 16:42:49 [[32minfo[39m] [0mPOST /api/auth/login [32m200[0m 1308.056 ms - -[0m
2026-05-10 16:42:50 [[32minfo[39m] [0mGET /api/homes [33m401[0m 211.503 ms - 25[0m
2026-05-10 16:42:50 [[32minfo[39m] [0mGET /api/homes [33m401[0m 51.578 ms - 25[0m
2026-05-10 16:43:41 [[32minfo[39m] Staff logged in {"staffId":"82fe8f70-093f-4683-941e-2ae5440f3e39","role":"group_admin"}
2026-05-10 16:43:41 [[32minfo[39m] [0mPOST /api/auth/login [32m200[0m 999.937 ms - -[0m
2026-05-10 16:49:00 [[32minfo[39m] Staff logged in {"staffId":"82fe8f70-093f-4683-941e-2ae5440f3e39","role":"group_admin"}
2026-05-10 16:49:00 [[32minfo[39m] [0mPOST /api/auth/login [32m200[0m 1290.072 ms - -[0m
2026-05-10 16:49:01 [[32minfo[39m] [0mGET /api/homes [33m401[0m 85.404 ms - 25[0m
2026-05-10 16:49:01 [[32minfo[39m] [0mGET /api/homes [33m401[0m 61.678 ms - 25[0m
2026-05-10 16:49:20 [[32minfo[39m] Staff logged in {"staffId":"82fe8f70-093f-4683-941e-2ae5440f3e39","role":"group_admin"}
2026-05-10 16:49:20 [[32minfo[39m] [0mPOST /api/auth/login [32m200[0m 896.248 ms - -[0m
2026-05-10 16:49:20 [[32minfo[39m] [0mGET /api/homes [33m401[0m 81.837 ms - 25[0m
2026-05-10 16:49:21 [[32minfo[39m] [0mGET /api/homes [33m401[0m 232.127 ms - 25[0m
2026-05-10 16:50:04 [[32minfo[39m] Staff logged in {"staffId":"82fe8f70-093f-4683-941e-2ae5440f3e39","role":"group_admin"}
2026-05-10 16:50:04 [[32minfo[39m] [0mPOST /api/auth/login [32m200[0m 1367.401 ms - -[0m
2026-05-10 16:50:44 [[32minfo[39m] [0mGET /api/homes [33m401[0m 71.764 ms - 25[0m
2026-05-10 16:50:45 [[32minfo[39m] [0mGET /api/homes [33m401[0m 71.158 ms - 25[0m
2026-05-10 16:56:19 [[32minfo[39m] Staff logged in {"staffId":"82fe8f70-093f-4683-941e-2ae5440f3e39","role":"group_admin"}
2026-05-10 16:56:19 [[32minfo[39m] [0mPOST /api/auth/login [32m200[0m 1248.269 ms - -[0m
2026-05-10 16:56:19 [[32minfo[39m] [0mGET /api/homes [33m401[0m 110.317 ms - 25[0m
2026-05-10 16:56:19 [[32minfo[39m] [0mGET /api/homes [33m401[0m 189.643 ms - 25[0m
2026-05-10 16:57:39 [[32minfo[39m] Staff logged in {"staffId":"82fe8f70-093f-4683-941e-2ae5440f3e39","role":"group_admin"}
2026-05-10 16:57:39 [[32minfo[39m] [0mPOST /api/auth/login [32m200[0m 922.008 ms - -[0m
2026-05-10 16:57:39 [[32minfo[39m] [0mGET /api/homes [33m401[0m 110.618 ms - 25[0m
2026-05-10 16:57:40 [[32minfo[39m] [0mGET /api/homes [33m401[0m 99.947 ms - 25[0m
2026-05-10 17:00:00 [[32minfo[39m] Scheduler: checking fluid intake
2026-05-10 17:01:53 [[32minfo[39m] Staff logged in {"staffId":"82fe8f70-093f-4683-941e-2ae5440f3e39","role":"group_admin"}
2026-05-10 17:01:53 [[32minfo[39m] [0mPOST /api/auth/login [32m200[0m 1194.935 ms - -[0m
2026-05-10 17:01:53 [[32minfo[39m] [0mGET /api/homes [33m401[0m 68.071 ms - 25[0m
2026-05-10 17:01:53 [[32minfo[39m] [0mGET /api/homes [33m401[0m 100.288 ms - 25[0m
2026-05-10 17:04:53 [[32minfo[39m] Staff logged in {"staffId":"82fe8f70-093f-4683-941e-2ae5440f3e39","role":"group_admin"}
2026-05-10 17:04:53 [[32minfo[39m] [0mPOST /api/auth/login [32m200[0m 1375.292 ms - -[0m
2026-05-10 17:04:53 [[32minfo[39m] [0mGET /api/homes [33m401[0m 66.348 ms - 25[0m
2026-05-10 17:04:53 [[32minfo[39m] [0mGET /api/homes [33m401[0m 76.681 ms - 25[0m
2026-05-10 17:09:53 [[32minfo[39m] Staff logged in {"staffId":"82fe8f70-093f-4683-941e-2ae5440f3e39","role":"group_admin"}
2026-05-10 17:09:53 [[32minfo[39m] [0mPOST /api/auth/login [32m200[0m 1281.490 ms - -[0m
2026-05-10 17:09:53 [[32minfo[39m] [0mGET /api/homes [33m401[0m 165.450 ms - 25[0m
2026-05-10 17:09:53 [[32minfo[39m] [0mGET /api/homes [33m401[0m 94.826 ms - 25[0m
2026-05-10 17:10:36 [[32minfo[39m] Staff logged in {"staffId":"82fe8f70-093f-4683-941e-2ae5440f3e39","role":"group_admin"}
2026-05-10 17:10:36 [[32minfo[39m] [0mPOST /api/auth/login [32m200[0m 1208.532 ms - -[0m
2026-05-10 17:10:36 [[32minfo[39m] [0mGET /api/homes [33m401[0m 56.891 ms - 25[0m
2026-05-10 17:10:36 [[32minfo[39m] [0mGET /api/homes [33m401[0m 172.965 ms - 25[0m
2026-05-10 17:11:18 [[32minfo[39m] Staff logged in {"staffId":"82fe8f70-093f-4683-941e-2ae5440f3e39","role":"group_admin"}
2026-05-10 17:11:18 [[32minfo[39m] [0mPOST /api/auth/login [32m200[0m 1665.704 ms - -[0m
2026-05-10 17:11:18 [[32minfo[39m] [0mGET /api/homes [33m401[0m 60.051 ms - 25[0m
2026-05-10 17:13:57 [[32minfo[39m] Staff logged in {"staffId":"82fe8f70-093f-4683-941e-2ae5440f3e39","role":"group_admin"}
2026-05-10 17:13:57 [[32minfo[39m] [0mPOST /api/auth/login [32m200[0m 2115.341 ms - -[0m
2026-05-10 17:13:57 [[32minfo[39m] [0mGET /api/auth/me [33m401[0m 89.596 ms - 25[0m
2026-05-10 17:19:28 [[32minfo[39m] Database connected successfully
2026-05-10 17:19:28 [[32minfo[39m] Starting HealthArk scheduler
2026-05-10 17:19:28 [[32minfo[39m] Scheduler started — all jobs registered
2026-05-10 17:19:28 [[32minfo[39m] HealthArk API running on port 3001 [development]
2026-05-10 17:20:22 [[32minfo[39m] Staff logged in {"staffId":"82fe8f70-093f-4683-941e-2ae5440f3e39","role":"group_admin"}
2026-05-10 17:20:22 [[32minfo[39m] [0mPOST /api/auth/login [32m200[0m 1252.270 ms - -[0m
2026-05-10 17:20:22 [[32minfo[39m] [0mGET /api/auth/me [33m404[0m 68.731 ms - 37[0m
2026-05-10 17:21:54 [[32minfo[39m] Staff logged in {"staffId":"82fe8f70-093f-4683-941e-2ae5440f3e39","role":"group_admin"}
2026-05-10 17:21:54 [[32minfo[39m] [0mPOST /api/auth/login [32m200[0m 1293.671 ms - -[0m
2026-05-10 17:21:54 [[32minfo[39m] [0mGET /api/homes [32m200[0m 91.296 ms - 26[0m
2026-05-10 17:21:54 [[32minfo[39m] [0mGET /api/homes [36m304[0m 5.079 ms - -[0m
2026-05-10 17:23:06 [[32minfo[39m] Staff logged in {"staffId":"82fe8f70-093f-4683-941e-2ae5440f3e39","role":"group_admin"}
2026-05-10 17:23:06 [[32minfo[39m] [0mPOST /api/auth/login [32m200[0m 2791.194 ms - -[0m
2026-05-10 17:23:06 [[32minfo[39m] [0mGET /api/homes [36m304[0m 236.302 ms - -[0m
2026-05-10 17:32:02 [[32minfo[39m] Staff logged in {"staffId":"82fe8f70-093f-4683-941e-2ae5440f3e39","role":"group_admin"}
2026-05-10 17:32:02 [[32minfo[39m] [0mPOST /api/auth/login [32m200[0m 1940.621 ms - -[0m
2026-05-10 17:32:02 [[32minfo[39m] [0mGET /api/homes [36m304[0m 99.635 ms - -[0m
2026-05-10 17:37:21 [[32minfo[39m] Staff logged in {"staffId":"82fe8f70-093f-4683-941e-2ae5440f3e39","role":"group_admin"}
2026-05-10 17:37:21 [[32minfo[39m] [0mPOST /api/auth/login [32m200[0m 2514.709 ms - -[0m
2026-05-10 17:37:22 [[32minfo[39m] [0mGET /api/homes [36m304[0m 118.131 ms - -[0m
2026-05-10 17:41:54 [[32minfo[39m] Database connected successfully
2026-05-10 17:41:54 [[32minfo[39m] Starting HealthArk scheduler
2026-05-10 17:41:54 [[32minfo[39m] Scheduler started — all jobs registered
2026-05-10 17:41:54 [[32minfo[39m] HealthArk API running on port 3001 [development]
2026-05-10 17:42:16 [[32minfo[39m] Database connected successfully
2026-05-10 17:42:16 [[32minfo[39m] Starting HealthArk scheduler
2026-05-10 17:42:16 [[32minfo[39m] Scheduler started — all jobs registered
2026-05-10 17:42:16 [[32minfo[39m] HealthArk API running on port 3001 [development]
2026-05-10 17:42:46 [[32minfo[39m] Staff logged in {"staffId":"82fe8f70-093f-4683-941e-2ae5440f3e39","role":"group_admin"}
2026-05-10 17:42:46 [[32minfo[39m] [0mPOST /api/auth/login [32m200[0m 1893.426 ms - -[0m
2026-05-10 17:42:47 [[32minfo[39m] [0mGET /api/homes [36m304[0m 155.893 ms - -[0m
2026-05-10 17:48:57 [[32minfo[39m] Database connected successfully
2026-05-10 17:48:57 [[32minfo[39m] Starting HealthArk scheduler
2026-05-10 17:48:57 [[32minfo[39m] Scheduler started — all jobs registered
2026-05-10 17:48:57 [[32minfo[39m] HealthArk API running on port 3001 [development]
2026-05-10 17:49:38 [[32minfo[39m] Staff logged in {"staffId":"82fe8f70-093f-4683-941e-2ae5440f3e39","role":"group_admin"}
2026-05-10 17:49:38 [[32minfo[39m] [0mPOST /api/auth/login [32m200[0m 1132.743 ms - -[0m
2026-05-10 17:49:38 [[32minfo[39m] [0mGET /api/homes [36m304[0m 85.139 ms - -[0m
2026-05-10 17:50:06 [[32minfo[39m] Staff logged in {"staffId":"82fe8f70-093f-4683-941e-2ae5440f3e39","role":"group_admin"}
2026-05-10 17:50:06 [[32minfo[39m] [0mPOST /api/auth/login [32m200[0m 777.878 ms - -[0m
2026-05-10 17:50:06 [[32minfo[39m] [0mGET /api/homes [36m304[0m 6.672 ms - -[0m
2026-05-10 17:53:26 [[32minfo[39m] Staff logged in {"staffId":"82fe8f70-093f-4683-941e-2ae5440f3e39","role":"group_admin"}
2026-05-10 17:53:27 [[32minfo[39m] [0mPOST /api/auth/login [32m200[0m 1263.450 ms - -[0m
2026-05-10 17:53:27 [[32minfo[39m] [0mGET /api/homes [36m304[0m 287.876 ms - -[0m
2026-05-10 17:55:18 [[32minfo[39m] Database connected successfully
2026-05-10 17:55:18 [[32minfo[39m] Starting HealthArk scheduler
2026-05-10 17:55:18 [[32minfo[39m] Scheduler started — all jobs registered
2026-05-10 17:55:18 [[32minfo[39m] HealthArk API running on port 3001 [development]
2026-05-10 17:55:32 [[32minfo[39m] Database connected successfully
2026-05-10 17:55:32 [[32minfo[39m] Starting HealthArk scheduler
2026-05-10 17:55:32 [[32minfo[39m] Scheduler started — all jobs registered
2026-05-10 17:55:32 [[32minfo[39m] HealthArk API running on port 3001 [development]
2026-05-10 17:59:35 [[32minfo[39m] Staff logged in {"staffId":"82fe8f70-093f-4683-941e-2ae5440f3e39","role":"group_admin"}
2026-05-10 17:59:35 [[32minfo[39m] [0mPOST /api/auth/login [32m200[0m 1240.311 ms - -[0m
2026-05-10 17:59:35 [[32minfo[39m] [0mGET /api/homes [32m200[0m 95.450 ms - 568[0m
2026-05-10 18:00:00 [[32minfo[39m] Scheduler: checking fluid intake
2026-05-10 18:00:00 [[32minfo[39m] Scheduler: checking care plan reviews
2026-05-10 18:00:50 [[32minfo[39m] Staff logged in {"staffId":"82fe8f70-093f-4683-941e-2ae5440f3e39","role":"group_admin"}
2026-05-10 18:00:50 [[32minfo[39m] [0mPOST /api/auth/login [32m200[0m 1796.111 ms - -[0m
2026-05-10 18:00:51 [[32minfo[39m] [0mGET /api/homes [36m304[0m 79.619 ms - -[0m
2026-05-10 18:00:51 [[32minfo[39m] [0mGET /api/homes [36m304[0m 8.348 ms - -[0m
2026-05-10 18:00:51 [[32minfo[39m] [0mGET /api/homes/5c027814-a0f9-44f3-bad4-138e4783fd51/dashboard [32m200[0m 174.793 ms - 169[0m
2026-05-10 18:01:20 [[32minfo[39m] [0mGET /api/homes [36m304[0m 23.077 ms - -[0m
2026-05-10 18:01:20 [[32minfo[39m] [0mGET /api/homes [36m304[0m 8.617 ms - -[0m
2026-05-10 18:01:20 [[32minfo[39m] [0mGET /api/homes/5c027814-a0f9-44f3-bad4-138e4783fd51/dashboard [36m304[0m 103.738 ms - -[0m
2026-05-10 18:01:32 [[32minfo[39m] [0mGET /api/homes [36m304[0m 23.784 ms - -[0m
2026-05-10 18:01:32 [[32minfo[39m] [0mGET /api/homes [36m304[0m 7.917 ms - -[0m
2026-05-10 18:01:32 [[32minfo[39m] [0mGET /api/homes/5c027814-a0f9-44f3-bad4-138e4783fd51/dashboard [36m304[0m 23.653 ms - -[0m
2026-05-10 18:04:37 [[32minfo[39m] [0mGET /api/homes [36m304[0m 664.022 ms - -[0m
2026-05-10 18:04:37 [[32minfo[39m] [0mGET /api/homes [36m304[0m 169.846 ms - -[0m
2026-05-10 18:04:38 [[31merror[39m] Request error {"error":"column su.room_number does not exist","stack":"error: column su.room_number does not exist\n    at C:\\Users\\akofi\\Downloads\\healthark\\backend\\node_modules\\pg-pool\\index.js:45:11\n    at processTicksAndRejections (node:internal/process/task_queues:104:5)\n    at query (C:\\Users\\akofi\\Downloads\\healthark\\backend\\src\\config\\database.ts:28:15)\n    at C:\\Users\\akofi\\Downloads\\healthark\\backend\\src\\routes\\serviceUsers.routes.ts:41:18","path":"/api/service-users","method":"GET"}
2026-05-10 18:04:38 [[32minfo[39m] [0mGET /api/service-users?homeId=5c027814-a0f9-44f3-bad4-138e4783fd51&status=live [31m500[0m 648.090 ms - 64[0m
2026-05-10 18:06:45 [[32minfo[39m] Staff logged in {"staffId":"82fe8f70-093f-4683-941e-2ae5440f3e39","role":"group_admin"}
2026-05-10 18:06:45 [[32minfo[39m] [0mPOST /api/auth/login [32m200[0m 2051.349 ms - -[0m
2026-05-10 18:06:45 [[32minfo[39m] [0mGET /api/homes [32m200[0m 339.121 ms - 568[0m
2026-05-10 18:06:45 [[32minfo[39m] [0mGET /api/homes [36m304[0m 27.262 ms - -[0m
2026-05-10 18:06:46 [[32minfo[39m] [0mGET /api/homes/5c027814-a0f9-44f3-bad4-138e4783fd51/dashboard [32m200[0m 284.727 ms - 169[0m
2026-05-10 18:06:48 [[32minfo[39m] [0mGET /api/homes [36m304[0m 31.410 ms - -[0m
2026-05-10 18:06:49 [[32minfo[39m] [0mGET /api/homes [36m304[0m 64.059 ms - -[0m
2026-05-10 18:06:49 [[31merror[39m] Request error {"error":"column su.room_number does not exist","stack":"error: column su.room_number does not exist\n    at C:\\Users\\akofi\\Downloads\\healthark\\backend\\node_modules\\pg-pool\\index.js:45:11\n    at processTicksAndRejections (node:internal/process/task_queues:104:5)\n    at query (C:\\Users\\akofi\\Downloads\\healthark\\backend\\src\\config\\database.ts:28:15)\n    at C:\\Users\\akofi\\Downloads\\healthark\\backend\\src\\routes\\serviceUsers.routes.ts:41:18","path":"/api/service-users","method":"GET"}
2026-05-10 18:06:49 [[32minfo[39m] [0mGET /api/service-users?homeId=5c027814-a0f9-44f3-bad4-138e4783fd51&status=live [31m500[0m 231.071 ms - 64[0m
2026-05-10 18:08:18 [[32minfo[39m] Staff logged in {"staffId":"82fe8f70-093f-4683-941e-2ae5440f3e39","role":"group_admin"}
2026-05-10 18:08:18 [[32minfo[39m] [0mPOST /api/auth/login [32m200[0m 1558.618 ms - -[0m
2026-05-10 18:08:18 [[32minfo[39m] [0mGET /api/homes [36m304[0m 160.621 ms - -[0m
2026-05-10 18:08:18 [[32minfo[39m] [0mGET /api/homes [36m304[0m 5.556 ms - -[0m
2026-05-10 18:08:19 [[32minfo[39m] [0mGET /api/homes/5c027814-a0f9-44f3-bad4-138e4783fd51/dashboard [36m304[0m 141.799 ms - -[0m
2026-05-10 18:08:20 [[32minfo[39m] [0mGET /api/homes [36m304[0m 32.363 ms - -[0m
2026-05-10 18:08:20 [[32minfo[39m] [0mGET /api/homes [36m304[0m 27.952 ms - -[0m
2026-05-10 18:08:21 [[31merror[39m] Request error {"error":"column su.room_number does not exist","stack":"error: column su.room_number does not exist\n    at C:\\Users\\akofi\\Downloads\\healthark\\backend\\node_modules\\pg-pool\\index.js:45:11\n    at processTicksAndRejections (node:internal/process/task_queues:104:5)\n    at query (C:\\Users\\akofi\\Downloads\\healthark\\backend\\src\\config\\database.ts:28:15)\n    at C:\\Users\\akofi\\Downloads\\healthark\\backend\\src\\routes\\serviceUsers.routes.ts:41:18","path":"/api/service-users","method":"GET"}
2026-05-10 18:08:21 [[32minfo[39m] [0mGET /api/service-users?homeId=5c027814-a0f9-44f3-bad4-138e4783fd51&status=live [31m500[0m 23.868 ms - 64[0m
2026-05-10 18:08:25 [[31merror[39m] Request error {"error":"column su.room_number does not exist","stack":"error: column su.room_number does not exist\n    at C:\\Users\\akofi\\Downloads\\healthark\\backend\\node_modules\\pg-pool\\index.js:45:11\n    at processTicksAndRejections (node:internal/process/task_queues:104:5)\n    at query (C:\\Users\\akofi\\Downloads\\healthark\\backend\\src\\config\\database.ts:28:15)\n    at C:\\Users\\akofi\\Downloads\\healthark\\backend\\src\\routes\\serviceUsers.routes.ts:41:18","path":"/api/service-users","method":"GET"}
2026-05-10 18:08:25 [[32minfo[39m] [0mGET /api/service-users?homeId=5c027814-a0f9-44f3-bad4-138e4783fd51 [31m500[0m 19.706 ms - 64[0m
2026-05-10 18:08:27 [[32minfo[39m] [0mGET /api/homes [36m304[0m 121.877 ms - -[0m
2026-05-10 18:08:27 [[32minfo[39m] [0mGET /api/homes [36m304[0m 9.961 ms - -[0m
2026-05-10 18:08:28 [[32minfo[39m] [0mGET /api/homes/5c027814-a0f9-44f3-bad4-138e4783fd51/dashboard [36m304[0m 103.663 ms - -[0m
2026-05-10 18:08:29 [[32minfo[39m] [0mGET /api/homes [36m304[0m 53.543 ms - -[0m
2026-05-10 18:08:29 [[32minfo[39m] [0mGET /api/homes [36m304[0m 106.010 ms - -[0m
2026-05-10 18:08:29 [[31merror[39m] Request error {"error":"column su.room_number does not exist","stack":"error: column su.room_number does not exist\n    at C:\\Users\\akofi\\Downloads\\healthark\\backend\\node_modules\\pg-pool\\index.js:45:11\n    at processTicksAndRejections (node:internal/process/task_queues:104:5)\n    at query (C:\\Users\\akofi\\Downloads\\healthark\\backend\\src\\config\\database.ts:28:15)\n    at C:\\Users\\akofi\\Downloads\\healthark\\backend\\src\\routes\\serviceUsers.routes.ts:41:18","path":"/api/service-users","method":"GET"}
2026-05-10 18:08:29 [[32minfo[39m] [0mGET /api/service-users?homeId=5c027814-a0f9-44f3-bad4-138e4783fd51&status=live [31m500[0m 175.868 ms - 64[0m
2026-05-10 18:08:33 [[32minfo[39m] [0mGET /api/homes [36m304[0m 36.342 ms - -[0m
2026-05-10 18:08:33 [[32minfo[39m] [0mGET /api/homes [36m304[0m 17.806 ms - -[0m
2026-05-10 18:08:33 [[32minfo[39m] [0mGET /api/homes/5c027814-a0f9-44f3-bad4-138e4783fd51/dashboard [36m304[0m 141.598 ms - -[0m
2026-05-10 18:08:36 [[32minfo[39m] [0mGET /api/homes [36m304[0m 19.521 ms - -[0m
2026-05-10 18:08:36 [[32minfo[39m] [0mGET /api/homes [36m304[0m 87.707 ms - -[0m
2026-05-10 18:08:36 [[32minfo[39m] [0mGET /api/homes/5c027814-a0f9-44f3-bad4-138e4783fd51/dashboard [36m304[0m 143.586 ms - -[0m
2026-05-10 18:08:38 [[32minfo[39m] [0mGET /api/homes [36m304[0m 35.353 ms - -[0m
2026-05-10 18:08:38 [[32minfo[39m] [0mGET /api/homes [36m304[0m 33.943 ms - -[0m
2026-05-10 18:08:38 [[31merror[39m] Request error {"error":"column su.room_number does not exist","stack":"error: column su.room_number does not exist\n    at C:\\Users\\akofi\\Downloads\\healthark\\backend\\node_modules\\pg-pool\\index.js:45:11\n    at processTicksAndRejections (node:internal/process/task_queues:104:5)\n    at query (C:\\Users\\akofi\\Downloads\\healthark\\backend\\src\\config\\database.ts:28:15)\n    at C:\\Users\\akofi\\Downloads\\healthark\\backend\\src\\routes\\serviceUsers.routes.ts:41:18","path":"/api/service-users","method":"GET"}
2026-05-10 18:08:38 [[32minfo[39m] [0mGET /api/service-users?homeId=5c027814-a0f9-44f3-bad4-138e4783fd51&status=live [31m500[0m 46.066 ms - 64[0m
